12:23:31 **** Incremental Build of configuration Debug for project LAB2_Exercise ****
make -j8 all 
arm-none-eabi-gcc "../Core/Src/main.c" -mcpu=cortex-m3 -std=gnu11 -g3 -DDEBUG -DUSE_HAL_DRIVER -DSTM32F103x6 -c -I../Core/Inc -I../Drivers/STM32F1xx_HAL_Driver/Inc -I../Drivers/STM32F1xx_HAL_Driver/Inc/Legacy -I../Drivers/CMSIS/Device/ST/STM32F1xx/Include -I../Drivers/CMSIS/Include -O0 -ffunction-sections -fdata-sections -Wall -fstack-usage -MMD -MP -MF"Core/Src/main.d" -MT"Core/Src/main.o" --specs=nano.specs -mfloat-abi=soft -mthumb -o "Core/Src/main.o"
arm-none-eabi-gcc -o "LAB2_Exercise.elf" @"objects.list"   -mcpu=cortex-m3 -T"D:\BK\HK_231\VXL\GIT\LAB2\Source_code\LAB2_Exercise\STM32F103C6UX_FLASH.ld" --specs=nosys.specs -Wl,-Map="LAB2_Exercise.map" -Wl,--gc-sections -static --specs=nano.specs -mfloat-abi=soft -mthumb -Wl,--start-group -lc -lm -Wl,--end-group
Finished building target: LAB2_Exercise.elf
 
arm-none-eabi-size   LAB2_Exercise.elf 
arm-none-eabi-objdump -h -S  LAB2_Exercise.elf  > "LAB2_Exercise.list"
arm-none-eabi-objcopy  -O ihex  LAB2_Exercise.elf  "LAB2_Exercise.hex"
   text	   data	    bss	    dec	    hex	filename
   8100	     20	   1684	   9804	   264c	LAB2_Exercise.elf
arm-none-eabi-objcopy  -O binary  LAB2_Exercise.elf  "LAB2_Exercise.bin"
Finished building: default.size.stdout
 
Finished building: LAB2_Exercise.hex
Finished building: LAB2_Exercise.bin
 
 
Finished building: LAB2_Exercise.list
 

12:23:31 Build Finished. 0 errors, 0 warnings. (took 892ms)

